// Jest Snapshot v1, https://goo.gl/fbAQLP

exports[`should render AddWordPage correctly 1`] = `
<div>
  <h1>
    Add Word
  </h1>
  <WordForm
    onSubmit={[Function]}
  />
</div>
`;
