// Jest Snapshot v1, https://goo.gl/fbAQLP

exports[`should render StudySelectionOption with text 1`] = `
<div>
  <button
    onClick={[Function]}
  >
    Again
  </button>
</div>
`;
